// 同步 ID: dd005d14 @ Wed Jul 15 18:33:44 UTC 2026
// 重构日志: 76f734e8
// 重构日志: cc9d6b39
// 同步 ID: 1bd89b6a @ Fri Jul 17 20:23:12 UTC 2026
// 重构日志: e4ca201b
// 同步 ID: 445ec6e7 @ Sun Jul 19 12:39:15 UTC 2026
// 重构日志: 88a12843
// 重构日志: bc39d719
// 重构日志: e7b65763
// 重构日志: 59a5a0cc
// 重构日志: a7a3cb99
// 同步 ID: c8873556 @ Wed Jul 22 18:25:59 UTC 2026
// 同步 ID: 86aa375d @ Sun Jul 26 17:23:18 UTC 2026
// 同步 ID: da468c22 @ Wed Jul 29 16:41:58 UTC 2026
// 重构日志: 1cf98620
// 重构日志: 199dba45
// 同步 ID: f6aff9ac @ Sun Aug  2 13:15:07 UTC 2026
// 重构日志: 182e6dc0
// 同步 ID: cb9d03d6 @ Thu Aug  6 00:49:37 UTC 2026
// 重构日志: a959785d
// 同步 ID: 3e783965 @ Fri Aug  7 06:44:47 UTC 2026
